###############################################################################
#                                                                             #
# IAR ELF Linker V5.30.2.51295/W32 for ARM              29/Jun/2009  17:23:10 #
# Copyright 2007-2009 IAR Systems AB.                                         #
#                                                                             #
#    Output file  =  F:\MyProjects\Tjinc\CAN & Uart over IP\Debug\Exe\TJINC   #
#                    CAN & USART over IP.out                                  #
#    Map file     =  F:\MyProjects\Tjinc\CAN & Uart over IP\Debug\List\TJINC  #
#                    CAN & USART over IP.map                                  #
#    Command line =  "F:\MyProjects\Tjinc\CAN & Uart over                     #
#                    IP\Debug\Obj\STM32Can.o" "F:\MyProjects\Tjinc\CAN &      #
#                    Uart over IP\Debug\Obj\Usart_Inter.o"                    #
#                    "F:\MyProjects\Tjinc\CAN & Uart over                     #
#                    IP\Debug\Obj\app.o" "F:\MyProjects\Tjinc\CAN & Uart      #
#                    over IP\Debug\Obj\app_vect_v5.o"                         #
#                    "F:\MyProjects\Tjinc\CAN & Uart over                     #
#                    IP\Debug\Obj\at24c64.o" "F:\MyProjects\Tjinc\CAN & Uart  #
#                    over IP\Debug\Obj\bsp.o" "F:\MyProjects\Tjinc\CAN &      #
#                    Uart over IP\Debug\Obj\bsp_int.o"                        #
#                    "F:\MyProjects\Tjinc\CAN & Uart over                     #
#                    IP\Debug\Obj\bsp_periph.o" "F:\MyProjects\Tjinc\CAN &    #
#                    Uart over IP\Debug\Obj\ch432_usart.o"                    #
#                    "F:\MyProjects\Tjinc\CAN & Uart over                     #
#                    IP\Debug\Obj\cpu_a.o" "F:\MyProjects\Tjinc\CAN & Uart    #
#                    over IP\Debug\Obj\cpu_c.o" "F:\MyProjects\Tjinc\CAN &    #
#                    Uart over IP\Debug\Obj\md5.o" "F:\MyProjects\Tjinc\CAN   #
#                    & Uart over IP\Debug\Obj\os_core.o"                      #
#                    "F:\MyProjects\Tjinc\CAN & Uart over                     #
#                    IP\Debug\Obj\os_cpu_a.o" "F:\MyProjects\Tjinc\CAN &      #
#                    Uart over IP\Debug\Obj\os_cpu_c.o"                       #
#                    "F:\MyProjects\Tjinc\CAN & Uart over                     #
#                    IP\Debug\Obj\os_dbg.o" "F:\MyProjects\Tjinc\CAN & Uart   #
#                    over IP\Debug\Obj\os_flag.o" "F:\MyProjects\Tjinc\CAN &  #
#                    Uart over IP\Debug\Obj\os_mbox.o"                        #
#                    "F:\MyProjects\Tjinc\CAN & Uart over                     #
#                    IP\Debug\Obj\os_mem.o" "F:\MyProjects\Tjinc\CAN & Uart   #
#                    over IP\Debug\Obj\os_mutex.o" "F:\MyProjects\Tjinc\CAN   #
#                    & Uart over IP\Debug\Obj\os_q.o"                         #
#                    "F:\MyProjects\Tjinc\CAN & Uart over                     #
#                    IP\Debug\Obj\os_sem.o" "F:\MyProjects\Tjinc\CAN & Uart   #
#                    over IP\Debug\Obj\os_task.o" "F:\MyProjects\Tjinc\CAN &  #
#                    Uart over IP\Debug\Obj\os_time.o"                        #
#                    "F:\MyProjects\Tjinc\CAN & Uart over                     #
#                    IP\Debug\Obj\os_tmr.o" "F:\MyProjects\Tjinc\CAN & Uart   #
#                    over IP\Debug\Obj\socket.o" "F:\MyProjects\Tjinc\CAN &   #
#                    Uart over IP\Debug\Obj\sockutil.o"                       #
#                    "F:\MyProjects\Tjinc\CAN & Uart over                     #
#                    IP\Debug\Obj\stm32_usart.o" "F:\MyProjects\Tjinc\CAN &   #
#                    Uart over IP\Debug\Obj\stm32f10x_can.o"                  #
#                    "F:\MyProjects\Tjinc\CAN & Uart over                     #
#                    IP\Debug\Obj\stm32f10x_dma.o" "F:\MyProjects\Tjinc\CAN   #
#                    & Uart over IP\Debug\Obj\stm32f10x_exti.o"               #
#                    "F:\MyProjects\Tjinc\CAN & Uart over                     #
#                    IP\Debug\Obj\stm32f10x_flash.o"                          #
#                    "F:\MyProjects\Tjinc\CAN & Uart over                     #
#                    IP\Debug\Obj\stm32f10x_gpio.o" "F:\MyProjects\Tjinc\CAN  #
#                    & Uart over IP\Debug\Obj\stm32f10x_it.o"                 #
#                    "F:\MyProjects\Tjinc\CAN & Uart over                     #
#                    IP\Debug\Obj\stm32f10x_rcc.o" "F:\MyProjects\Tjinc\CAN   #
#                    & Uart over IP\Debug\Obj\stm32f10x_spi.o"                #
#                    "F:\MyProjects\Tjinc\CAN & Uart over                     #
#                    IP\Debug\Obj\stm32f10x_usart.o"                          #
#                    "F:\MyProjects\Tjinc\CAN & Uart over                     #
#                    IP\Debug\Obj\util.o" "F:\MyProjects\Tjinc\CAN & Uart     #
#                    over IP\Debug\Obj\w5100.o" "F:\MyProjects\Tjinc\CAN &    #
#                    Uart over IP\Debug\Obj\w5100_inter.o" -o                 #
#                    "F:\MyProjects\Tjinc\CAN & Uart over IP\Debug\Exe\TJINC  #
#                    CAN & USART over IP.out" --map "F:\MyProjects\Tjinc\CAN  #
#                    & Uart over IP\Debug\List\TJINC CAN & USART over         #
#                    IP.map" --log initialization,modules,sections,veneers    #
#                    --log_file "F:\MyProjects\Tjinc\CAN & Uart over          #
#                    IP\Debug\List\TJINC CAN & USART over IP.log" --config    #
#                    "D:\Program Files\IAR Systems\Embedded Workbench 5.4     #
#                    Kickstart\arm\CONFIG\generic_cortex.icf" --semihosting   #
#                    --entry __iar_program_start                              #
#                                                                             #
#                                                                             #
###############################################################################

*******************************************************************************
*** RUNTIME MODEL ATTRIBUTES
***

__endian      = little
__thumb_aware = enabled


*******************************************************************************
*** PLACEMENT SUMMARY
***

"A1":  place at mem:0x0 { ro section .intvec };
"P1":  place in [from mem:0x0 to mem:0x7ffff] { ro };
"P2":  place in [from mem:0x20000000 to mem:0x2000ffff] {
          rw, block CSTACK, block HEAP };

  Section            Kind        Address    Size  Object
  -------            ----        -------    ----  ------
"A1":                                      0x130
  .intvec            const    0x00000000   0x130  app_vect_v5.o [1]
                            - 0x00000130   0x130

"P1":                                     0x835b
  .text              ro code  0x00000130  0x104e  xprintffull.o [3]
  .text              ro code  0x00001180   0xbbc  stm32_usart.o [1]
  .rodata            const    0x00001d3c   0x7f8  stm32_usart.o [1]
  .text              ro code  0x00002534   0x794  at24c64.o [1]
  .text              ro code  0x00002cc8   0x744  os_core.o [1]
  .text              ro code  0x0000340c   0x580  w5100.o [1]
  .text              ro code  0x0000398c   0x47c  app.o [1]
  .text              ro code  0x00003e08   0x410  bsp.o [1]
  .text              ro code  0x00004218   0x3e8  os_task.o [1]
  .text              ro code  0x00004600   0x3b4  stm32f10x_can.o [1]
  .text              ro code  0x000049b4   0x366  socket.o [1]
  .text              ro code  0x00004d1c   0x2e4  os_q.o [1]
  .text              ro code  0x00005000   0x2d8  ch432_usart.o [1]
  .text              ro code  0x000052d8   0x2bc  DblDiv.o [4]
  .text              ro code  0x00005594   0x250  stm32f10x_rcc.o [1]
  .text              ro code  0x000057e4   0x230  os_tmr.o [1]
  .text              ro code  0x00005a14   0x1e8  w5100_inter.o [1]
  .text              ro code  0x00005bfc   0x1c8  STM32Can.o [1]
  .text              ro code  0x00005dc4   0x1a2  DblMul.o [4]
  .text              ro code  0x00005f68   0x1a0  os_sem.o [1]
  .text              ro code  0x00006108   0x17e  DblSub.o [4]
  .text              ro code  0x00006288   0x164  bsp_int.o [1]
  .text              ro code  0x000063ec   0x160  cpu_c.o [1]
  .text              ro code  0x0000654c   0x160  stm32f10x_dma.o [1]
  .text              ro code  0x000066ac   0x154  stm32f10x_gpio.o [1]
  .text              ro code  0x00006800   0x150  stm32f10x_usart.o [1]
  .text              ro code  0x00006950   0x130  I64DivMod.o [4]
  .text              ro code  0x00006a80   0x11c  xstoul.o [3]
  .text              ro code  0x00006b9c   0x116  Usart_Inter.o [1]
  .rodata            const    0x00006cb4   0x114  stm32_usart.o [1]
  .text              ro code  0x00006dc8   0x110  xdscale.o [3]
  .text              ro code  0x00006ed8   0x108  os_cpu_c.o [1]
  .text              ro code  0x00006fe0   0x108  util.o [1]
  .rodata            const    0x000070e8   0x100  os_core.o [1]
  .text              ro code  0x000071e8    0xf4  sockutil.o [1]
  .text              ro code  0x000072dc    0xe6  DblAdd.o [4]
  .text              ro code  0x000073c4    0xd0  os_time.o [1]
  .text              ro code  0x00007494    0xbc  xxmemxmalloc.o [3]
  .text              ro code  0x00007550    0xb4  xdnorm.o [3]
  CODE               ro code  0x00007604    0xa0  os_cpu_a.o [1]
  .text              ro code  0x000076a4    0x8e  packbits_init2.o [4]
  .text              ro code  0x00007734    0x8c  stm32f10x_exti.o [1]
  .text              ro code  0x000077c0    0x8c  xsyslock.o [3]
  .text              ro code  0x0000784c    0x88  xxmemxfree.o [3]
  .text              ro code  0x000078d4    0x7a  os_flag.o [1]
  .text              ro code  0x00007950    0x7a  stm32f10x_spi.o [1]
  .text              ro code  0x000079cc    0x70  ABImemcpy.o [4]
  .text              ro code  0x00007a3c    0x70  cppinit.o [3]
  .text              ro code  0x00007aac    0x66  ABImemset.o [4]
  .text              ro code  0x00007b14    0x62  memcmp.o [4]
  .text              ro code  0x00007b78    0x5c  stm32f10x_it.o [1]
  .text              ro code  0x00007bd4    0x5c  xencoding_sb.o [3]
  .text              ro code  0x00007c30    0x58  memchr.o [4]
  .text              ro code  0x00007c88    0x56  DblToI32.o [4]
  .rodata            const    0x00007ce0    0x50  xstoul.o [3]
  .text              ro code  0x00007d30    0x4c  os_mem.o [1]
  .rodata            const    0x00007d7c    0x48  stm32_usart.o [1]
  .rodata            const    0x00007dc4    0x48  xlocale_c.o [3]
  .text              ro code  0x00007e0c    0x44  strcpy.o [4]
  .text              ro code  0x00007e50    0x36  strlen.o [4]
  .text              ro code  0x00007e88    0x30  sprintf.o [3]
  .text              ro code  0x00007eb8    0x30  MtxWrapper.o [3]
  .text              ro code  0x00007ee8    0x2e  DblCmpLe.o [4]
  .text              ro code  0x00007f18    0x2e  DblCmpGe.o [4]
  .text              ro code  0x00007f48    0x2e  I32ToDbl.o [4]
  .text              ro code  0x00007f78    0x2c  stm32f10x_flash.o [1]
  CODE               ro code  0x00007fa4    0x2a  cpu_a.o [1]
  .text              ro code  0x00007fd0    0x28  xgetmemchunk.o [3]
  .text              ro code  0x00007ff8    0x28  setlocale.o [3]
  .text              ro code  0x00008020    0x26  strpbrk.o [3]
  .iar.init_table    const    0x00008048    0x2c  - Linker created -
  .text              ro code  0x00008074    0x20  printf.o [3]
  .text              ro code  0x00008094    0x20  xmbtowc.o [3]
  .rodata            const    0x000080b4    0x1c  app.o [1]
  .text              ro code  0x000080d0    0x1c  data_init2.o [4]
  .text              ro code  0x000080ec    0x1a  xwctomb.o [3]
  .text              ro code  0x00008106    0x1a  zero_init2.o [4]
  .rodata            const    0x00008120    0x18  os_tmr.o [1]
  .text              ro code  0x00008138    0x18  cmain.o [4]
  .text              ro code  0x00008150    0x18  iarwstd.o [5]
  .text              ro code  0x00008168    0x16  strchr.o [4]
  .text              ro code  0x0000817e    0x16  xprout.o [3]
  .rodata            const    0x00008194    0x14  app.o [1]
  .rodata            const    0x000081a8    0x14  stm32f10x_rcc.o [1]
  .text              ro code  0x000081bc    0x14  errno.o [3]
  .text              ro code  0x000081d0    0x14  localeconv.o [3]
  .text              ro code  0x000081e4    0x14  exit.o [5]
  .text              ro code  0x000081f8    0x14  md5.o [1]
  .text              ro code  0x0000820c    0x14  isxxx.o [3]
  .text              ro code  0x00008220    0x14  tolower.o [3]
  .text              ro code  0x00008234    0x14  xlocale_c.o [3]
  .rodata            const    0x00008248    0x10  app.o [1]
  .rodata            const    0x00008258    0x10  os_core.o [1]
  .rodata            const    0x00008268    0x10  os_core.o [1]
  .rodata            const    0x00008278    0x10  os_tmr.o [1]
  .rodata            const    0x00008288    0x10  xprintffull.o [3]
  .text              ro code  0x00008298     0xe  cexit.o [4]
  .text              ro code  0x000082a6     0xe  div.o [3]
  .rodata            const    0x000082b4     0xc  app.o [1]
  .rodata            const    0x000082c0     0xc  sockutil.o [1]
  .text              ro code  0x000082cc     0xc  putchar.o [3]
  .text              ro code  0x000082d8     0xc  STM32Can.o [1]
  .text              ro code  0x000082e4     0xc  app_vect_v5.o [1]
  .text              ro code  0x000082f0     0xc  xlocale_c.o [3]
  .text              ro code  0x000082fc     0xa  xsprout.o [3]
  .text              ro code  0x00008306     0xa  xmbcurmax.o [3]
  .rodata            const    0x00008310     0x8  app.o [1]
  .rodata            const    0x00008318     0x8  app.o [1]
  .rodata            const    0x00008320     0x8  app.o [1]
  .rodata            const    0x00008328     0x8  app.o [1]
  .rodata            const    0x00008330     0x8  app.o [1]
  .rodata            const    0x00008338     0x8  app.o [1]
  .rodata            const    0x00008340     0x8  app.o [1]
  .rodata            const    0x00008348     0x8  app.o [1]
  .rodata            const    0x00008350     0x8  xprintffull.o [3]
  .rodata            const    0x00008358     0x8  localeconv.o [3]
  .rodata            const    0x00008360     0x8  localeconv.o [3]
  .rodata            const    0x00008368     0x8  xlocale_c.o [3]
  .rodata            const    0x00008370     0x8  xlocale_c.o [3]
  .rodata            const    0x00008378     0x8  xencoding_sb.o [3]
  .rodata            const    0x00008380     0x8  xencoding_sb.o [3]
  .text              ro code  0x00008388     0x8  stm32_usart.o [1]
  .text              ro code  0x00008390     0x6  exit.o [3]
  .rodata            const    0x00008398     0x4  os_dbg.o [1]
  .text              ro code  0x0000839c     0x2  I64DivZer.o [4]
  .text              ro code  0x0000839e     0x4  util.o [1]
  .text              ro code  0x000083a2     0x4  low_level_init.o [3]
  .rodata            const    0x000083a6     0x2  os_dbg.o [1]
  .rodata            const    0x000083a8     0x2  os_dbg.o [1]
  .rodata            const    0x000083aa     0x2  os_dbg.o [1]
  .rodata            const    0x000083ac     0x2  os_dbg.o [1]
  .rodata            const    0x000083ae     0x2  os_dbg.o [1]
  .rodata            const    0x000083b0     0x2  os_dbg.o [1]
  .rodata            const    0x000083b2     0x2  os_dbg.o [1]
  .rodata            const    0x000083b4     0x2  os_dbg.o [1]
  .rodata            const    0x000083b6     0x2  os_dbg.o [1]
  .rodata            const    0x000083b8     0x2  os_dbg.o [1]
  .rodata            const    0x000083ba     0x2  os_dbg.o [1]
  .rodata            const    0x000083bc     0x2  os_dbg.o [1]
  .rodata            const    0x000083be     0x2  os_dbg.o [1]
  .rodata            const    0x000083c0     0x2  os_dbg.o [1]
  .rodata            const    0x000083c2     0x2  os_dbg.o [1]
  .rodata            const    0x000083c4     0x2  os_dbg.o [1]
  .rodata            const    0x000083c6     0x2  os_dbg.o [1]
  .rodata            const    0x000083c8     0x2  os_dbg.o [1]
  .rodata            const    0x000083ca     0x2  os_dbg.o [1]
  .rodata            const    0x000083cc     0x2  os_dbg.o [1]
  .rodata            const    0x000083ce     0x2  os_dbg.o [1]
  .rodata            const    0x000083d0     0x2  os_dbg.o [1]
  .rodata            const    0x000083d2     0x2  os_dbg.o [1]
  .rodata            const    0x000083d4     0x2  os_dbg.o [1]
  .rodata            const    0x000083d6     0x2  os_dbg.o [1]
  .rodata            const    0x000083d8     0x2  os_dbg.o [1]
  .rodata            const    0x000083da     0x2  os_dbg.o [1]
  .rodata            const    0x000083dc     0x2  os_dbg.o [1]
  .rodata            const    0x000083de     0x2  os_dbg.o [1]
  .rodata            const    0x000083e0     0x2  os_dbg.o [1]
  .rodata            const    0x000083e2     0x2  os_dbg.o [1]
  .rodata            const    0x000083e4     0x2  os_dbg.o [1]
  .rodata            const    0x000083e6     0x2  os_dbg.o [1]
  .rodata            const    0x000083e8     0x2  os_dbg.o [1]
  .rodata            const    0x000083ea     0x2  os_dbg.o [1]
  .rodata            const    0x000083ec     0x2  os_dbg.o [1]
  .rodata            const    0x000083ee     0x2  os_dbg.o [1]
  .rodata            const    0x000083f0     0x2  os_dbg.o [1]
  .rodata            const    0x000083f2     0x2  os_dbg.o [1]
  .rodata            const    0x000083f4     0x2  os_dbg.o [1]
  .rodata            const    0x000083f6     0x2  os_dbg.o [1]
  .rodata            const    0x000083f8     0x2  os_dbg.o [1]
  .rodata            const    0x000083fa     0x2  os_dbg.o [1]
  .rodata            const    0x000083fc     0x2  os_dbg.o [1]
  .rodata            const    0x000083fe     0x2  localeconv.o [3]
  .rodata            const    0x00008400     0x2  xlocale_c.o [3]
  .text              ro code  0x00008402     0x2  os_dbg.o [1]
  .rodata            const    0x00008404     0x1  localeconv.o [3]
  .rodata            const    0x00008405     0x1  xlocale_c.o [3]
  .rodata            const    0x00008406     0x1  setlocale.o [3]
  Initializer bytes  ro data  0x00008407    0x84  <for P2 s0>
                            - 0x0000848b  0x835b

"P2", part 1 of 3:                         0xdd4
  HEAP                        0x20000000   0x800  <Block>
    HEAP             uninit   0x20000000   0x800  <Block tail>
  CSTACK                      0x20000800   0x400  <Block>
    CSTACK           uninit   0x20000800   0x400  <Block tail>
  .iar.dynexit                0x20000c00   0x1d4  <Block>
    .iar.dynexit     uninit   0x20000c00     0xc  cppinit.o [3]
    .iar.dynexit     uninit   0x20000c0c   0x1c8  <Block tail>
                            - 0x20000dd4   0xdd4

"P2", part 2 of 3:                        0x219c
  .bss               zero     0x20000dd4   0x6ac  os_core.o [1]
  .bss               zero     0x20001480   0x340  os_core.o [1]
  .bss               zero     0x200017c0   0x304  app.o [1]
  .bss               zero     0x20001ac4   0x200  app.o [1]
  .bss               zero     0x20001cc4   0x200  os_core.o [1]
  .bss               zero     0x20001ec4   0x200  os_core.o [1]
  .bss               zero     0x200020c4   0x200  os_core.o [1]
  .bss               zero     0x200022c4   0x144  app.o [1]
  .bss               zero     0x20002408   0x144  os_core.o [1]
  .bss               zero     0x2000254c   0x12c  app.o [1]
  .bss               zero     0x20002678   0x104  STM32Can.o [1]
  .bss               zero     0x2000277c   0x101  ch432_usart.o [1]
  .bss               zero     0x20002880   0x101  stm32_usart.o [1]
  .bss               zero     0x20002984   0x100  app.o [1]
  .bss               zero     0x20002a84    0xf0  bsp_int.o [1]
  .bss               zero     0x20002b74    0xb4  os_core.o [1]
  .bss               zero     0x20002c28    0x8c  os_core.o [1]
  .bss               zero     0x20002cb4    0x80  os_core.o [1]
  .bss               zero     0x20002d34    0x80  stm32_usart.o [1]
  .bss               zero     0x20002db4    0x60  os_core.o [1]
  .bss               zero     0x20002e14    0x50  xfiles.o [3]
  .bss               zero     0x20002e64    0x40  os_core.o [1]
  .bss               zero     0x20002ea4    0x30  w5100.o [1]
  .bss               zero     0x20002ed4    0x14  bsp.o [1]
  .bss               zero     0x20002ee8    0x14  xsyslock.o [3]
  .bss               zero     0x20002efc    0x10  sockutil.o [1]
  .bss               zero     0x20002f0c     0x8  xxmemxmalloc.o [3]
  .bss               zero     0x20002f14     0x8  errno.o [3]
  .bss               zero     0x20002f1c     0x4  STM32Can.o [1]
  .bss               zero     0x20002f20     0x4  Usart_Inter.o [1]
  .bss               zero     0x20002f24     0x4  at24c64.o [1]
  .bss               zero     0x20002f28     0x4  os_core.o [1]
  .bss               zero     0x20002f2c     0x4  os_core.o [1]
  .bss               zero     0x20002f30     0x4  os_core.o [1]
  .bss               zero     0x20002f34     0x4  os_core.o [1]
  .bss               zero     0x20002f38     0x4  os_core.o [1]
  .bss               zero     0x20002f3c     0x4  os_core.o [1]
  .bss               zero     0x20002f40     0x4  os_core.o [1]
  .bss               zero     0x20002f44     0x4  util.o [1]
  .bss               zero     0x20002f48     0x4  w5100_inter.o [1]
  .bss               zero     0x20002f4c     0x4  xgetmemchunk.o [3]
  .bss               zero     0x20002f50     0x4  MtxWrapper.o [3]
  .bss               zero     0x20002f54     0x4  MtxWrapper.o [3]
  .bss               zero     0x20002f58     0x4  MtxWrapper.o [3]
  .bss               zero     0x20002f5c     0x4  MtxWrapper.o [3]
  .bss               zero     0x20002f60     0x4  iarwstd.o [5]
  .bss               zero     0x20002f64     0x2  os_core.o [1]
  .bss               zero     0x20002f66     0x2  os_core.o [1]
  .bss               zero     0x20002f68     0x2  os_cpu_c.o [1]
  .bss               zero     0x20002f6a     0x2  socket.o [1]
  .bss               zero     0x20002f6c     0x1  at24c64.o [1]
                            - 0x20002f6d  0x2199

"P2", part 3 of 3:                         0x120
  P2 s0                       0x20002f70   0x120  <Init block>
    .data            inited   0x20002f70    0x84  setlocale.o [3]
    .data            inited   0x20002ff4    0x4c  localeconv.o [3]
    .data            inited   0x20003040    0x40  xfiles.o [3]
    .data            inited   0x20003080     0xc  stm32_usart.o [1]
    .data            inited   0x2000308c     0x4  cppinit.o [3]
                            - 0x20003090   0x120


*******************************************************************************
*** INIT TABLE
***

          Address     Size
          -------     ----
Zero (__iar_zero_init2)
    1 destination range, total size 0x2199:
          0x20000dd4  0x2199

Copy/packbits (__iar_packbits_init2)
    1 source range, total size 0x84 (45% of destination):
              0x8407    0x84
    1 destination range, total size 0x120:
          0x20002f70   0x120


*******************************************************************************
*** MODULE SUMMARY
***

    Module             ro code  ro data  rw data
    ------             -------  -------  -------
F:\MyProjects\Tjinc\CAN & Uart over IP\Debug\Obj: [1]
    STM32Can.o             468               264
    Usart_Inter.o          278                 4
    app.o                1 148      140    2 164
    app_vect_v5.o           12      304
    at24c64.o            1 940                 5
    bsp.o                1 040                20
    bsp_int.o              356               240
    ch432_usart.o          728               257
    cpu_a.o                 42
    cpu_c.o                352
    md5.o                   20
    os_core.o            1 860      288    5 040
    os_cpu_a.o             160
    os_cpu_c.o             264                 2
    os_dbg.o                 2       92
    os_flag.o              122
    os_mem.o                76
    os_q.o                 740
    os_sem.o               416
    os_task.o            1 000
    os_time.o              208
    os_tmr.o               560       40
    socket.o               870                 2
    sockutil.o             244       12       16
    stm32_usart.o        3 012    2 394      397
    stm32f10x_can.o        948
    stm32f10x_dma.o        352
    stm32f10x_exti.o       140
    stm32f10x_flash.o       44
    stm32f10x_gpio.o       340
    stm32f10x_it.o          92
    stm32f10x_rcc.o        592       20
    stm32f10x_spi.o        122
    stm32f10x_usart.o      336
    util.o                 268                 4
    w5100.o              1 408                48
    w5100_inter.o          488                 4
    --------------------------------------------
    Total:              21 048    3 290    8 467

command line: [2]
    --------------------------------------------
    Total:

dl7M_tl_if.a: [3]
    MtxWrapper.o            48                16
    cppinit.o              112        2       16
    div.o                   14
    errno.o                 20                 8
    exit.o                   6
    isxxx.o                 20
    localeconv.o            20       54       76
    low_level_init.o         4
    printf.o                32
    putchar.o               12
    setlocale.o             40       61      132
    sprintf.o               48
    strpbrk.o               38
    tolower.o               20
    xdnorm.o               180
    xdscale.o              272
    xencoding_sb.o          92       16
    xfiles.o                         29      144
    xgetmemchunk.o          40                 4
    xlocale_c.o             32       91
    xmbcurmax.o             10
    xmbtowc.o               32
    xprintffull.o        4 174       24
    xprout.o                22
    xsprout.o               10
    xstoul.o               284       80
    xsyslock.o             140                20
    xwctomb.o               26
    xxmemxfree.o           136
    xxmemxmalloc.o         188                 8
    --------------------------------------------
    Total:               6 072      357      424

rt7M_tl.a: [4]
    ABImemcpy.o            112
    ABImemset.o            102
    DblAdd.o               230
    DblCmpGe.o              46
    DblCmpLe.o              46
    DblDiv.o               700
    DblMul.o               418
    DblSub.o               382
    DblToI32.o              86
    I32ToDbl.o              46
    I64DivMod.o            304
    I64DivZer.o              2
    cexit.o                 14
    cmain.o                 24
    data_init2.o            28
    memchr.o                88
    memcmp.o                98
    packbits_init2.o       142
    strchr.o                22
    strcpy.o                68
    strlen.o                54
    zero_init2.o            26
    --------------------------------------------
    Total:               3 038

shb_l.a: [5]
    exit.o                  20
    iarwstd.o               24                 4
    --------------------------------------------
    Total:                  44                 4

    Gaps                    30        8        6
    Linker created                   44    3 528
------------------------------------------------
    Grand Total:        30 232    3 699   12 429


*******************************************************************************
*** ENTRY LIST
***

Entry                      Address   Size  Type      Object
-----                      -------   ----  ----      ------
.iar.dynexit$$Base      0x20000c00          --   Gb  - Linker created -
.iar.dynexit$$Limit     0x20000dd4          --   Gb  - Linker created -
ADCPrescTable           0x000081b8    0x4  Data  Lc  stm32f10x_rcc.o [1]
APBAHBPrescTable        0x000081a8   0x10  Data  Lc  stm32f10x_rcc.o [1]
AT24C64WP_enable        0x00002549   0x18  Code  Gb  at24c64.o [1]
AT24C64_Init            0x00002535   0x14  Code  Gb  at24c64.o [1]
ATOI                    0x0000700b   0x20  Code  Gb  util.o [1]
Ack_I2c                 0x000028cb   0x92  Code  Gb  at24c64.o [1]
App_BusFault_ISR        0x000082e9    0x2  Code  Lc  app_vect_v5.o [1]
App_Fault_ISR           0x000082e7    0x2  Code  Lc  app_vect_v5.o [1]
App_MemFault_ISR        0x000082ed    0x2  Code  Lc  app_vect_v5.o [1]
App_NMI_ISR             0x000082e5    0x2  Code  Lc  app_vect_v5.o [1]
App_Spurious_ISR        0x000082ef    0x2  Code  Lc  app_vect_v5.o [1]
App_TaskStart           0x000039d9   0x60  Code  Lc  app.o [1]
App_TaskStartStk        0x20001ac4  0x200  Data  Lc  app.o [1]
App_UsageFault_ISR      0x000082eb    0x2  Code  Lc  app_vect_v5.o [1]
BSP_CPU_ClkFreq         0x00003e1d   0x14  Code  Gb  bsp.o [1]
BSP_EXT_Init            0x00004195   0x84  Code  Gb  bsp.o [1]
BSP_GPIO_Init           0x00003eb5  0x1a0  Code  Gb  bsp.o [1]
BSP_Init                0x00003e09   0x14  Code  Gb  bsp.o [1]
BSP_IntDis              0x00006289   0x10  Code  Gb  bsp_int.o [1]
BSP_IntDisAll           0x00006299    0x4  Code  Gb  bsp_int.o [1]
BSP_IntEn               0x0000629d   0x10  Code  Gb  bsp_int.o [1]
BSP_IntHandler          0x000063b9   0x30  Code  Lc  bsp_int.o [1]
BSP_IntHandlerADC1_2    0x0000630f    0x4  Code  Gb  bsp_int.o [1]
BSP_IntHandlerADC3      0x00006383    0x4  Code  Gb  bsp_int.o [1]
BSP_IntHandlerCAN_RX1   0x0000631b    0x4  Code  Gb  bsp_int.o [1]
BSP_IntHandlerCAN_SCE   0x0000631f    0x4  Code  Gb  bsp_int.o [1]
BSP_IntHandlerDMA1_CH1  0x000062f3    0x4  Code  Gb  bsp_int.o [1]
BSP_IntHandlerDMA1_CH2  0x000062f7    0x4  Code  Gb  bsp_int.o [1]
BSP_IntHandlerDMA1_CH3  0x000062fb    0x4  Code  Gb  bsp_int.o [1]
BSP_IntHandlerDMA1_CH4  0x000062ff    0x4  Code  Gb  bsp_int.o [1]
BSP_IntHandlerDMA1_CH5  0x00006303    0x4  Code  Gb  bsp_int.o [1]
BSP_IntHandlerDMA1_CH6  0x00006307    0x4  Code  Gb  bsp_int.o [1]
BSP_IntHandlerDMA1_CH7  0x0000630b    0x4  Code  Gb  bsp_int.o [1]
BSP_IntHandlerDMA2_CH1  0x000063a7    0x4  Code  Gb  bsp_int.o [1]
BSP_IntHandlerDMA2_CH2  0x000063ab    0x4  Code  Gb  bsp_int.o [1]
BSP_IntHandlerDMA2_CH3  0x000063af    0x4  Code  Gb  bsp_int.o [1]
BSP_IntHandlerDMA2_CH4_5
                        0x000063b5    0x4  Code  Gb  bsp_int.o [1]
BSP_IntHandlerEXTI0     0x000062df    0x4  Code  Gb  bsp_int.o [1]
BSP_IntHandlerEXTI1     0x000062e3    0x4  Code  Gb  bsp_int.o [1]
BSP_IntHandlerEXTI15_10
                        0x00006367    0x4  Code  Gb  bsp_int.o [1]
BSP_IntHandlerEXTI2     0x000062e7    0x4  Code  Gb  bsp_int.o [1]
BSP_IntHandlerEXTI3     0x000062eb    0x4  Code  Gb  bsp_int.o [1]
BSP_IntHandlerEXTI4     0x000062ef    0x4  Code  Gb  bsp_int.o [1]
BSP_IntHandlerEXTI9_5   0x00006323    0x4  Code  Gb  bsp_int.o [1]
BSP_IntHandlerFLASH     0x000062d7    0x4  Code  Gb  bsp_int.o [1]
BSP_IntHandlerFSMC      0x00006387    0x4  Code  Gb  bsp_int.o [1]
BSP_IntHandlerI2C1_ER   0x00006347    0x4  Code  Gb  bsp_int.o [1]
BSP_IntHandlerI2C1_EV   0x00006343    0x4  Code  Gb  bsp_int.o [1]
BSP_IntHandlerI2C2_ER   0x0000634f    0x4  Code  Gb  bsp_int.o [1]
BSP_IntHandlerI2C2_EV   0x0000634b    0x4  Code  Gb  bsp_int.o [1]
BSP_IntHandlerPVD       0x000062cb    0x4  Code  Gb  bsp_int.o [1]
BSP_IntHandlerRCC       0x000062db    0x4  Code  Gb  bsp_int.o [1]
BSP_IntHandlerRTC       0x000062d3    0x4  Code  Gb  bsp_int.o [1]
BSP_IntHandlerRTCAlarm  0x0000636b    0x4  Code  Gb  bsp_int.o [1]
BSP_IntHandlerSDIO      0x0000638b    0x4  Code  Gb  bsp_int.o [1]
BSP_IntHandlerSPI1      0x00006353    0x4  Code  Gb  bsp_int.o [1]
BSP_IntHandlerSPI2      0x00006357    0x4  Code  Gb  bsp_int.o [1]
BSP_IntHandlerSPI3      0x00006393    0x4  Code  Gb  bsp_int.o [1]
BSP_IntHandlerTAMPER    0x000062cf    0x4  Code  Gb  bsp_int.o [1]
BSP_IntHandlerTIM1_BRK  0x00006327    0x4  Code  Gb  bsp_int.o [1]
BSP_IntHandlerTIM1_CC   0x00006333    0x4  Code  Gb  bsp_int.o [1]
BSP_IntHandlerTIM1_TRG_COM
                        0x0000632f    0x4  Code  Gb  bsp_int.o [1]
BSP_IntHandlerTIM1_UP   0x0000632b    0x4  Code  Gb  bsp_int.o [1]
BSP_IntHandlerTIM2      0x00006337    0x4  Code  Gb  bsp_int.o [1]
BSP_IntHandlerTIM3      0x0000633b    0x4  Code  Gb  bsp_int.o [1]
BSP_IntHandlerTIM4      0x0000633f    0x4  Code  Gb  bsp_int.o [1]
BSP_IntHandlerTIM5      0x0000638f    0x4  Code  Gb  bsp_int.o [1]
BSP_IntHandlerTIM6      0x0000639f    0x4  Code  Gb  bsp_int.o [1]
BSP_IntHandlerTIM7      0x000063a3    0x4  Code  Gb  bsp_int.o [1]
BSP_IntHandlerTIM8_BRK  0x00006373    0x4  Code  Gb  bsp_int.o [1]
BSP_IntHandlerTIM8_CC   0x0000637f    0x4  Code  Gb  bsp_int.o [1]
BSP_IntHandlerTIM8_TRG_COM
                        0x0000637b    0x4  Code  Gb  bsp_int.o [1]
BSP_IntHandlerTIM8_UP   0x00006377    0x4  Code  Gb  bsp_int.o [1]
BSP_IntHandlerUART4     0x00006397    0x4  Code  Gb  bsp_int.o [1]
BSP_IntHandlerUART5     0x0000639b    0x4  Code  Gb  bsp_int.o [1]
BSP_IntHandlerUSART1    0x0000635b    0x4  Code  Gb  bsp_int.o [1]
BSP_IntHandlerUSART2    0x0000635f    0x4  Code  Gb  bsp_int.o [1]
BSP_IntHandlerUSART3    0x00006363    0x4  Code  Gb  bsp_int.o [1]
BSP_IntHandlerUSBWakeUp
                        0x0000636f    0x4  Code  Gb  bsp_int.o [1]
BSP_IntHandlerUSB_HP_CAN_TX
                        0x00006313    0x4  Code  Gb  bsp_int.o [1]
BSP_IntHandlerUSB_LP_CAN_RX0
                        0x00006317    0x4  Code  Gb  bsp_int.o [1]
BSP_IntHandlerWWDG      0x000062c7    0x4  Code  Gb  bsp_int.o [1]
BSP_IntVectSet          0x000062ad   0x1a  Code  Gb  bsp_int.o [1]
BSP_IntVectTbl          0x20002a84   0xf0  Data  Lc  bsp_int.o [1]
BSP_RCC_Init            0x00004059   0xca  Code  Gb  bsp.o [1]
BSP_Relay_Off           0x00003e73   0x40  Code  Gb  bsp.o [1]
BSP_Relay_On            0x00003e33   0x40  Code  Gb  bsp.o [1]
BSP_SPI_Init            0x00004125   0x68  Code  Gb  bsp.o [1]
C2D                     0x00006fe1   0x2a  Code  Gb  util.o [1]
CAN_DeInit              0x00004601   0x1a  Code  Gb  stm32f10x_can.o [1]
CAN_FIFORelease         0x0000492d   0x12  Code  Gb  stm32f10x_can.o [1]
CAN_FilterInit          0x000046f5   0xc4  Code  Gb  stm32f10x_can.o [1]
CAN_ITConfig            0x000047b9   0x1c  Code  Gb  stm32f10x_can.o [1]
CAN_Init                0x0000461b   0xd8  Code  Gb  stm32f10x_can.o [1]
CAN_Interrupt           0x00005d45   0x68  Code  Gb  STM32Can.o [1]
CAN_Receive             0x00004945   0x6c  Code  Gb  stm32f10x_can.o [1]
CAN_Task                0x00003dd5   0x30  Code  Lc  app.o [1]
CAN_TaskCreate          0x00003b05   0x48  Code  Lc  app.o [1]
CAN_TaskStk             0x20002308  0x100  Data  Lc  app.o [1]
CAN_Transmit            0x000047d5   0xd4  Code  Gb  stm32f10x_can.o [1]
CAN_TransmitStatus      0x000048a9   0x80  Code  Gb  stm32f10x_can.o [1]
CH432_Interrupt         0x00005001   0xdc  Code  Gb  ch432_usart.o [1]
CH432_PORT_INIT         0x000051d5   0x24  Code  Gb  ch432_usart.o [1]
CH432_USART1_SendByte   0x00005185   0x28  Code  Gb  ch432_usart.o [1]
CH432_USART2_SendByte   0x000051ad   0x28  Code  Gb  ch432_usart.o [1]
CH432_USART_Init        0x000050dd   0xa8  Code  Gb  ch432_usart.o [1]
CPU_CntLeadZeros        0x00007fbb         Code  Gb  cpu_a.o [1]
CPU_IntDis              0x00007fa5         Code  Gb  cpu_a.o [1]
CPU_IntEn               0x00007fa9         Code  Gb  cpu_a.o [1]
CPU_IntSrcDis           0x000063ed   0xac  Code  Gb  cpu_c.o [1]
CPU_IntSrcEn            0x00006499   0xac  Code  Gb  cpu_c.o [1]
CPU_RevBits             0x00007fc1         Code  Gb  cpu_a.o [1]
CPU_SR_Restore          0x00007fb5         Code  Gb  cpu_a.o [1]
CPU_SR_Save             0x00007fad         Code  Gb  cpu_a.o [1]
CPU_WaitForExcept       0x00007fcb         Code  Gb  cpu_a.o [1]
CPU_WaitForInt          0x00007fc7         Code  Gb  cpu_a.o [1]
CSTACK$$Base            0x20000800          --   Gb  - Linker created -
CSTACK$$Limit           0x20000c00          --   Gb  - Linker created -
CanBuffer               0x2000267c  0x100  Data  Lc  STM32Can.o [1]
CanConf                 0x20002f1c    0x4  Data  Lc  STM32Can.o [1]
CanMsg                  0x200022c8   0x40  Data  Lc  app.o [1]
CanMsgCount             0x20002678    0x1  Data  Lc  STM32Can.o [1]
CanMsgQ                 0x200022c4    0x4  Data  Gb  app.o [1]
DMA_Cmd                 0x00006669   0x16  Code  Gb  stm32f10x_dma.o [1]
DMA_DeInit              0x0000654d   0xe0  Code  Gb  stm32f10x_dma.o [1]
DMA_GetFlagStatus       0x0000667f   0x1c  Code  Gb  stm32f10x_dma.o [1]
DMA_Init                0x0000662d   0x3c  Code  Gb  stm32f10x_dma.o [1]
DtorRecArray            0x20000c00    0xc  Data  Lc  cppinit.o [3]
EXTI0_IRQHandler        0x00007b79   0x1c  Code  Gb  stm32f10x_it.o [1]
EXTI1_IRQHandler        0x00007b95    0x6  Code  Gb  stm32f10x_it.o [1]
EXTI9_5_IRQHandler      0x00007b9f   0x1c  Code  Gb  stm32f10x_it.o [1]
EXTI_ClearITPendingBit  0x000077b5    0x6  Code  Gb  stm32f10x_exti.o [1]
EXTI_Init               0x00007735   0x7c  Code  Gb  stm32f10x_exti.o [1]
FLASH_PrefetchBufferCmd
                        0x00007f8b   0x12  Code  Gb  stm32f10x_flash.o [1]
FLASH_SetLatency        0x00007f79   0x12  Code  Gb  stm32f10x_flash.o [1]
GPIO_EXTILineConfig     0x000067d1   0x30  Code  Gb  stm32f10x_gpio.o [1]
GPIO_Init               0x000066ad   0xa6  Code  Gb  stm32f10x_gpio.o [1]
GPIO_PinRemapConfig     0x0000676d   0x64  Code  Gb  stm32f10x_gpio.o [1]
GPIO_ReadInputDataBit   0x00006753   0x10  Code  Gb  stm32f10x_gpio.o [1]
GPIO_ResetBits          0x00006767    0x4  Code  Gb  stm32f10x_gpio.o [1]
GPIO_SetBits            0x00006763    0x4  Code  Gb  stm32f10x_gpio.o [1]
HEAP$$Base              0x20000000          --   Gb  - Linker created -
HEAP$$Limit             0x20000800          --   Gb  - Linker created -
HyperTerminal           0x000013cd  0x8fc  Code  Gb  stm32_usart.o [1]
HyperTerminal_Task      0x00003b4d   0x18  Code  Lc  app.o [1]
HyperTerminal_TaskCreate
                        0x00003a39   0x3c  Code  Lc  app.o [1]
HyperTerminal_TaskStk   0x20002984  0x100  Data  Lc  app.o [1]
I2C_EE_BufferRead       0x000029c7   0x86  Code  Gb  at24c64.o [1]
I2C_EE_BufferWrite      0x00002961   0x66  Code  Gb  at24c64.o [1]
IINCHIP_READ            0x0000347f   0x40  Code  Gb  w5100.o [1]
IINCHIP_WRITE           0x00003447   0x38  Code  Gb  w5100.o [1]
IsNum                   0x00001383   0x2c  Code  Gb  stm32_usart.o [1]
NetWorkInterrupt        0x00005a15   0xb2  Code  Gb  w5100_inter.o [1]
OSCPUUsage              0x20000dd4    0x1  Data  Gb  os_core.o [1]
OSCtxSw                 0x0000762f         Code  Gb  os_cpu_a.o [1]
OSCtxSwCtr              0x20000de4    0x4  Data  Gb  os_core.o [1]
OSDataSize              0x000083fc    0x2  Data  Gb  os_dbg.o [1]
OSDebugEn               0x000083a6    0x2  Data  Gb  os_dbg.o [1]
OSDebugInit             0x00008403    0x2  Code  Gb  os_dbg.o [1]
OSEndiannessTest        0x00008398    0x4  Data  Gb  os_dbg.o [1]
OSEventEn               0x000083ac    0x2  Data  Gb  os_dbg.o [1]
OSEventFreeList         0x20002408    0x4  Data  Gb  os_core.o [1]
OSEventMax              0x000083a8    0x2  Data  Gb  os_dbg.o [1]
OSEventNameSet          0x00002cc9   0x6e  Code  Gb  os_core.o [1]
OSEventNameSize         0x000083aa    0x2  Data  Gb  os_dbg.o [1]
OSEventSize             0x000083ae    0x2  Data  Gb  os_dbg.o [1]
OSEventTbl              0x2000240c  0x140  Data  Gb  os_core.o [1]
OSEventTblSize          0x000083b0    0x2  Data  Gb  os_dbg.o [1]
OSFlagEn                0x000083b2    0x2  Data  Gb  os_dbg.o [1]
OSFlagFreeList          0x20002f28    0x4  Data  Gb  os_core.o [1]
OSFlagGrpSize           0x000083b4    0x2  Data  Gb  os_dbg.o [1]
OSFlagMax               0x000083ba    0x2  Data  Gb  os_dbg.o [1]
OSFlagNameSize          0x000083bc    0x2  Data  Gb  os_dbg.o [1]
OSFlagNodeSize          0x000083b6    0x2  Data  Gb  os_dbg.o [1]
OSFlagTbl               0x20002c28   0x8c  Data  Gb  os_core.o [1]
OSFlagWidth             0x000083b8    0x2  Data  Gb  os_dbg.o [1]
OSIdleCtr               0x20000df0    0x4  Data  Gb  os_core.o [1]
OSIdleCtrMax            0x20000de8    0x4  Data  Gb  os_core.o [1]
OSIdleCtrRun            0x20000dec    0x4  Data  Gb  os_core.o [1]
OSInit                  0x00002d37   0x3a  Code  Gb  os_core.o [1]
OSInitHookBegin         0x00006ed9    0x8  Code  Gb  os_cpu_c.o [1]
OSInitHookEnd           0x00006ee1    0x2  Code  Gb  os_cpu_c.o [1]
OSIntCtxSw              0x00007637         Code  Gb  os_cpu_a.o [1]
OSIntExit               0x00002d71   0x52  Code  Gb  os_core.o [1]
OSIntNesting            0x20000dd6    0x1  Data  Gb  os_core.o [1]
OSLockNesting           0x20000dd7    0x1  Data  Gb  os_core.o [1]
OSLowestPrio            0x000083be    0x2  Data  Gb  os_dbg.o [1]
OSMboxEn                0x000083c0    0x2  Data  Gb  os_dbg.o [1]
OSMemEn                 0x000083c2    0x2  Data  Gb  os_dbg.o [1]
OSMemFreeList           0x20002f2c    0x4  Data  Gb  os_core.o [1]
OSMemMax                0x000083c4    0x2  Data  Gb  os_dbg.o [1]
OSMemNameSize           0x000083c6    0x2  Data  Gb  os_dbg.o [1]
OSMemSize               0x000083c8    0x2  Data  Gb  os_dbg.o [1]
OSMemTbl                0x20002b74   0xb4  Data  Gb  os_core.o [1]
OSMemTblSize            0x000083ca    0x2  Data  Gb  os_dbg.o [1]
OSMutexEn               0x000083cc    0x2  Data  Gb  os_dbg.o [1]
OSPrioCur               0x20000dd8    0x1  Data  Gb  os_core.o [1]
OSPrioHighRdy           0x20000dd9    0x1  Data  Gb  os_core.o [1]
OSPtrSize               0x000083ce    0x2  Data  Gb  os_dbg.o [1]
OSQCreate               0x00004d1d   0x94  Code  Gb  os_q.o [1]
OSQEn                   0x000083d0    0x2  Data  Gb  os_dbg.o [1]
OSQFreeList             0x20002f30    0x4  Data  Gb  os_core.o [1]
OSQMax                  0x000083d2    0x2  Data  Gb  os_dbg.o [1]
OSQPend                 0x00004db5  0x130  Code  Gb  os_q.o [1]
OSQPost                 0x00004ee9   0x76  Code  Gb  os_q.o [1]
OSQQuery                0x00004f5f   0x68  Code  Gb  os_q.o [1]
OSQSize                 0x000083d4    0x2  Data  Gb  os_dbg.o [1]
OSQTbl                  0x20002db4   0x60  Data  Gb  os_core.o [1]
OSRdyGrp                0x20000dda    0x1  Data  Gb  os_core.o [1]
OSRdyTbl                0x20000de0    0x4  Data  Gb  os_core.o [1]
OSRdyTblSize            0x000083d6    0x2  Data  Gb  os_dbg.o [1]
OSRunning               0x20000ddb    0x1  Data  Gb  os_core.o [1]
OSSemCreate             0x00005f69   0x44  Code  Gb  os_sem.o [1]
OSSemEn                 0x000083d8    0x2  Data  Gb  os_dbg.o [1]
OSSemPend               0x00005fb1   0xf8  Code  Gb  os_sem.o [1]
OSSemPost               0x000060ad   0x5c  Code  Gb  os_sem.o [1]
OSStart                 0x00002dc3   0x26  Code  Gb  os_core.o [1]
OSStartHighRdy          0x00007613         Code  Gb  os_cpu_a.o [1]
OSStatInit              0x00002de9   0x32  Code  Gb  os_core.o [1]
OSStatRdy               0x20000dd5    0x1  Data  Gb  os_core.o [1]
OSStkWidth              0x000083da    0x2  Data  Gb  os_dbg.o [1]
OSTCBCur                0x20000df4    0x4  Data  Gb  os_core.o [1]
OSTCBFreeList           0x20000df8    0x4  Data  Gb  os_core.o [1]
OSTCBHighRdy            0x20000dfc    0x4  Data  Gb  os_core.o [1]
OSTCBInitHook           0x00006f69    0x2  Code  Gb  os_cpu_c.o [1]
OSTCBList               0x20000e00    0x4  Data  Gb  os_core.o [1]
OSTCBPrioTbl            0x20002cb4   0x80  Data  Gb  os_core.o [1]
OSTCBPrioTblMax         0x000083f2    0x2  Data  Gb  os_dbg.o [1]
OSTCBSize               0x000083f4    0x2  Data  Gb  os_dbg.o [1]
OSTCBTbl                0x20000e08  0x678  Data  Gb  os_core.o [1]
OSTaskCreateEn          0x000083dc    0x2  Data  Gb  os_dbg.o [1]
OSTaskCreateExt         0x00004219   0xbc  Code  Gb  os_task.o [1]
OSTaskCreateExtEn       0x000083de    0x2  Data  Gb  os_dbg.o [1]
OSTaskCreateHook        0x00006ee3    0x2  Code  Gb  os_cpu_c.o [1]
OSTaskCtr               0x20000ddc    0x1  Data  Gb  os_core.o [1]
OSTaskDel               0x000042d9  0x164  Code  Gb  os_task.o [1]
OSTaskDelEn             0x000083e0    0x2  Data  Gb  os_dbg.o [1]
OSTaskDelHook           0x00006ee5    0x2  Code  Gb  os_cpu_c.o [1]
OSTaskIdleHook          0x00006ee7    0x2  Code  Gb  os_cpu_c.o [1]
OSTaskIdleStk           0x20001ec4  0x200  Data  Gb  os_core.o [1]
OSTaskIdleStkSize       0x000083e2    0x2  Data  Gb  os_dbg.o [1]
OSTaskMax               0x000083e6    0x2  Data  Gb  os_dbg.o [1]
OSTaskNameSet           0x0000443d   0x88  Code  Gb  os_task.o [1]
OSTaskNameSize          0x000083e8    0x2  Data  Gb  os_dbg.o [1]
OSTaskProfileEn         0x000083e4    0x2  Data  Gb  os_dbg.o [1]
OSTaskStatEn            0x000083ea    0x2  Data  Gb  os_dbg.o [1]
OSTaskStatHook          0x00006ee9    0x2  Code  Gb  os_cpu_c.o [1]
OSTaskStatStk           0x20001cc4  0x200  Data  Gb  os_core.o [1]
OSTaskStatStkChkEn      0x000083ee    0x2  Data  Gb  os_dbg.o [1]
OSTaskStatStkSize       0x000083ec    0x2  Data  Gb  os_dbg.o [1]
OSTaskStkChk            0x000044cd   0x7a  Code  Gb  os_task.o [1]
OSTaskStkInit           0x00006eeb   0x7c  Code  Gb  os_cpu_c.o [1]
OSTaskSuspend           0x00004547   0x92  Code  Gb  os_task.o [1]
OSTaskSwHook            0x00006f67    0x2  Code  Gb  os_cpu_c.o [1]
OSTaskSwHookEn          0x000083f0    0x2  Data  Gb  os_dbg.o [1]
OSTickStepState         0x20000ddd    0x1  Data  Gb  os_core.o [1]
OSTicksPerSec           0x000083f6    0x2  Data  Gb  os_dbg.o [1]
OSTime                  0x20000e04    0x4  Data  Gb  os_core.o [1]
OSTimeDly               0x000073c5   0x48  Code  Gb  os_time.o [1]
OSTimeDlyHMSM           0x0000740d   0x7a  Code  Gb  os_time.o [1]
OSTimeTick              0x00002e1b   0xb2  Code  Gb  os_core.o [1]
OSTimeTickHook          0x00006f6b   0x1a  Code  Gb  os_cpu_c.o [1]
OSTimeTickHookEn        0x000083f8    0x2  Data  Gb  os_dbg.o [1]
OSTmrCtr                0x20002f68    0x2  Data  Lc  os_cpu_c.o [1]
OSTmrFree               0x20002f64    0x2  Data  Gb  os_core.o [1]
OSTmrFreeList           0x20002f40    0x4  Data  Gb  os_core.o [1]
OSTmrSem                0x20002f38    0x4  Data  Gb  os_core.o [1]
OSTmrSemSignal          0x20002f3c    0x4  Data  Gb  os_core.o [1]
OSTmrSignal             0x000057e5    0x8  Code  Gb  os_tmr.o [1]
OSTmrTaskStk            0x200020c4  0x200  Data  Gb  os_core.o [1]
OSTmrTbl                0x20001480  0x340  Data  Gb  os_core.o [1]
OSTmrTime               0x20002f34    0x4  Data  Gb  os_core.o [1]
OSTmrUsed               0x20002f66    0x2  Data  Gb  os_core.o [1]
OSTmrWheelTbl           0x20002e64   0x40  Data  Gb  os_core.o [1]
OSTmr_Init              0x000057ed   0xb0  Code  Gb  os_tmr.o [1]
OSTmr_InitTask          0x000058a9   0x40  Code  Lc  os_tmr.o [1]
OSTmr_Link              0x000058e9   0x4e  Code  Lc  os_tmr.o [1]
OSTmr_Lock              0x00005981   0x10  Code  Lc  os_tmr.o [1]
OSTmr_Task              0x0000599d   0x6c  Code  Lc  os_tmr.o [1]
OSTmr_Unlink            0x00005937   0x4a  Code  Lc  os_tmr.o [1]
OSTmr_Unlock            0x00005991    0x8  Code  Lc  os_tmr.o [1]
OSUnMapTbl              0x000070e8  0x100  Data  Gb  os_core.o [1]
OSVersionNbr            0x000083fa    0x2  Data  Gb  os_dbg.o [1]
OS_CPU_PendSVHandler    0x0000763f         Code  Gb  os_cpu_a.o [1]
OS_CPU_SR_Restore       0x0000760d         Code  Gb  os_cpu_a.o [1]
OS_CPU_SR_Save          0x00007605         Code  Gb  os_cpu_a.o [1]
OS_CPU_SysTickClkFreq   0x00003e31    0x2  Code  Gb  bsp.o [1]
OS_CPU_SysTickHandler   0x00006f89   0x24  Code  Gb  os_cpu_c.o [1]
OS_CPU_SysTickInit      0x00006fad   0x34  Code  Gb  os_cpu_c.o [1]
OS_Dummy                0x00002ecd    0x2  Code  Gb  os_core.o [1]
OS_EventTaskRdy         0x00002ecf   0x76  Code  Gb  os_core.o [1]
OS_EventTaskRemove      0x00002f99   0x28  Code  Gb  os_core.o [1]
OS_EventTaskRemoveMulti
                        0x00002fc1   0x38  Code  Gb  os_core.o [1]
OS_EventTaskWait        0x00002f45   0x54  Code  Gb  os_core.o [1]
OS_EventWaitListInit    0x00002ff9   0x1a  Code  Gb  os_core.o [1]
OS_FlagInit             0x000078d5   0x50  Code  Gb  os_flag.o [1]
OS_FlagUnlink           0x00007929   0x26  Code  Gb  os_flag.o [1]
OS_InitEventList        0x00003015   0x54  Code  Lc  os_core.o [1]
OS_InitMisc             0x00003069   0x1c  Code  Lc  os_core.o [1]
OS_InitRdyList          0x00003085   0x2c  Code  Lc  os_core.o [1]
OS_InitTCBList          0x00003131   0x56  Code  Lc  os_core.o [1]
OS_InitTaskIdle         0x000030b1   0x40  Code  Lc  os_core.o [1]
OS_InitTaskStat         0x000030f1   0x40  Code  Lc  os_core.o [1]
OS_MemClr               0x00003187   0x12  Code  Gb  os_core.o [1]
OS_MemInit              0x00007d31   0x48  Code  Gb  os_mem.o [1]
OS_QInit                0x00004fc9   0x34  Code  Gb  os_q.o [1]
OS_Sched                0x00003199   0x40  Code  Gb  os_core.o [1]
OS_SchedNew             0x000031d9   0x18  Code  Lc  os_core.o [1]
OS_StrCopy              0x000031f5   0x1e  Code  Gb  os_core.o [1]
OS_StrLen               0x00003213   0x14  Code  Gb  os_core.o [1]
OS_TCBInit              0x000032cf  0x134  Code  Gb  os_core.o [1]
OS_TaskIdle             0x00003227   0x18  Code  Gb  os_core.o [1]
OS_TaskStat             0x0000323f   0x56  Code  Gb  os_core.o [1]
OS_TaskStatStkChk       0x00003295   0x3a  Code  Gb  os_core.o [1]
OS_TaskStkClr           0x000045e9   0x18  Code  Gb  os_task.o [1]
RBUFBASEADDRESS         0x20002ecc    0x8  Data  Lc  w5100.o [1]
RCC_ADCCLKConfig        0x00005691    0xe  Code  Gb  stm32f10x_rcc.o [1]
RCC_AHBPeriphClockCmd   0x00005745   0x1c  Code  Gb  stm32f10x_rcc.o [1]
RCC_APB1PeriphClockCmd  0x0000577d   0x1c  Code  Gb  stm32f10x_rcc.o [1]
RCC_APB1PeriphResetCmd  0x00005799   0x1c  Code  Gb  stm32f10x_rcc.o [1]
RCC_APB2PeriphClockCmd  0x00005761   0x1c  Code  Gb  stm32f10x_rcc.o [1]
RCC_DeInit              0x00005595   0x38  Code  Gb  stm32f10x_rcc.o [1]
RCC_GetClocksFreq       0x000056a1   0xa0  Code  Gb  stm32f10x_rcc.o [1]
RCC_GetFlagStatus       0x000057b5   0x2c  Code  Gb  stm32f10x_rcc.o [1]
RCC_GetSYSCLKSource     0x0000565b    0xa  Code  Gb  stm32f10x_rcc.o [1]
RCC_HCLKConfig          0x00005665    0xe  Code  Gb  stm32f10x_rcc.o [1]
RCC_HSEConfig           0x000055cd   0x34  Code  Gb  stm32f10x_rcc.o [1]
RCC_PCLK1Config         0x00005673    0xe  Code  Gb  stm32f10x_rcc.o [1]
RCC_PCLK2Config         0x00005681   0x10  Code  Gb  stm32f10x_rcc.o [1]
RCC_PLLCmd              0x00005641    0xc  Code  Gb  stm32f10x_rcc.o [1]
RCC_PLLConfig           0x0000562f   0x10  Code  Gb  stm32f10x_rcc.o [1]
RCC_SYSCLKConfig        0x0000564d    0xe  Code  Gb  stm32f10x_rcc.o [1]
RCC_WaitForHSEStartUp   0x00005601   0x2e  Code  Gb  stm32f10x_rcc.o [1]
RMASK                   0x20002eac    0x8  Data  Lc  w5100.o [1]
RSIZE                   0x20002ebc    0x8  Data  Lc  w5100.o [1]
RcvByte                 0x000027fd   0xce  Code  Gb  at24c64.o [1]
ReadCH432Data           0x00005293   0x1e  Code  Gb  ch432_usart.o [1]
ReadString              0x0000131b   0x68  Code  Gb  stm32_usart.o [1]
ReadWriteAT24C64Sem     0x20002f24    0x4  Data  Gb  at24c64.o [1]
RecvSock                0x20002f48    0x4  Data  Lc  w5100_inter.o [1]
Region$$Table$$Base     0x00008048          --   Gb  - Linker created -
Region$$Table$$Limit    0x00008074          --   Gb  - Linker created -
ResetW5100              0x00003585   0x26  Code  Gb  w5100.o [1]
RxBuffer                0x2000277c  0x100  Data  Lc  ch432_usart.o [1]
RxBuffer                0x20002880  0x100  Data  Lc  stm32_usart.o [1]
RxCount                 0x2000287c    0x1  Data  Lc  ch432_usart.o [1]
RxCount                 0x20002980    0x1  Data  Lc  stm32_usart.o [1]
SBUFBASEADDRESS         0x20002ec4    0x8  Data  Lc  w5100.o [1]
SMASK                   0x20002ea4    0x8  Data  Lc  w5100.o [1]
SPI1Read                0x00003931   0x20  Code  Gb  w5100.o [1]
SPI1Write               0x000038fd   0x34  Code  Gb  w5100.o [1]
SPI_CalculateCRC        0x000079a5   0x16  Code  Gb  stm32f10x_spi.o [1]
SPI_Cmd                 0x00007987   0x16  Code  Gb  stm32f10x_spi.o [1]
SPI_I2S_GetFlagStatus   0x000079bb   0x10  Code  Gb  stm32f10x_spi.o [1]
SPI_I2S_ReceiveData     0x000079a1    0x4  Code  Gb  stm32f10x_spi.o [1]
SPI_I2S_SendData        0x0000799d    0x4  Code  Gb  stm32f10x_spi.o [1]
SPI_Init                0x00007951   0x36  Code  Gb  stm32f10x_spi.o [1]
SSIZE                   0x20002eb4    0x8  Data  Lc  w5100.o [1]
STM32_CAN_Init          0x00005bfd   0xdc  Code  Gb  STM32Can.o [1]
STM32_CAN_Send          0x00005cd9   0x68  Code  Gb  STM32Can.o [1]
STM32_DMA1_Init         0x00001181   0x80  Code  Gb  stm32_usart.o [1]
STM32_USART1_Init       0x00001201   0x3c  Code  Gb  stm32_usart.o [1]
STM32_USART2_Init       0x0000123d   0x54  Code  Gb  stm32_usart.o [1]
STM32_USART3_Init       0x00001291   0x54  Code  Gb  stm32_usart.o [1]
STM32_USART_Interrupt   0x00001cd1   0x64  Code  Gb  stm32_usart.o [1]
SendBuffer              0x20002d34   0x80  Data  Gb  stm32_usart.o [1]
SendByte                0x000026c3  0x13a  Code  Gb  at24c64.o [1]
SockMsg                 0x20002550   0x28  Data  Lc  app.o [1]
SockMsgQ                0x2000254c    0x4  Data  Gb  app.o [1]
Socked_Task             0x00003b65  0x1e8  Code  Lc  app.o [1]
Socked_TaskCreate       0x00003abd   0x48  Code  Lc  app.o [1]
Socked_TaskStk          0x200019c4  0x100  Data  Lc  app.o [1]
Spi432InByte            0x0000523b   0x42  Code  Gb  ch432_usart.o [1]
Spi432OutByte           0x000051f9   0x42  Code  Gb  ch432_usart.o [1]
Spi432Start             0x0000527d   0x16  Code  Gb  ch432_usart.o [1]
Start_I2c               0x00002561   0xd0  Code  Gb  at24c64.o [1]
Stop_I2c                0x00002631   0x92  Code  Gb  at24c64.o [1]
TxBuffer                0x20003080    0x8  Data  Gb  stm32_usart.o [1]
USART2_5_Init           0x00006b9d   0x2c  Code  Gb  Usart_Inter.o [1]
USART2_IRQHandler       0x00007bbd    0xc  Code  Gb  stm32f10x_it.o [1]
USART3_IRQHandler       0x00007bc9    0xc  Code  Gb  stm32f10x_it.o [1]
USART_Cmd               0x00006881   0x16  Code  Gb  stm32f10x_usart.o [1]
USART_DMACmd            0x000068d3   0x14  Code  Gb  stm32f10x_usart.o [1]
USART_GetFlagStatus     0x000068f7   0x10  Code  Gb  stm32f10x_usart.o [1]
USART_GetITStatus       0x00006907   0x4a  Code  Gb  stm32f10x_usart.o [1]
USART_ITConfig          0x00006897   0x3c  Code  Gb  stm32f10x_usart.o [1]
USART_Init              0x00006801   0x80  Code  Gb  stm32f10x_usart.o [1]
USART_ReceiveData       0x000068ef    0x8  Code  Gb  stm32f10x_usart.o [1]
USART_Send              0x00006bc9   0xb4  Code  Gb  Usart_Inter.o [1]
USART_SendData          0x000068e7    0x8  Code  Gb  stm32f10x_usart.o [1]
USART_Task              0x00003d51   0x80  Code  Lc  app.o [1]
USART_TaskCreate        0x00003a75   0x48  Code  Lc  app.o [1]
USART_TaskStk           0x20002578  0x100  Data  Lc  app.o [1]
USB_LP_CAN_RX0_IRQHandler
                        0x00007b9b    0x4  Code  Gb  stm32f10x_it.o [1]
UartMsg                 0x200017c4  0x200  Data  Lc  app.o [1]
UartMsgQ                0x200017c0    0x4  Data  Gb  app.o [1]
ValidATOI               0x0000702b   0x38  Code  Gb  util.o [1]
VerifyBaudRate          0x00006c81   0x32  Code  Gb  Usart_Inter.o [1]
VerifyCanBaudRate       0x00005dad   0x18  Code  Gb  STM32Can.o [1]
VerifyIPAddress         0x00007271   0x6c  Code  Gb  sockutil.o [1]
W5100CSoff              0x0000396d    0x8  Code  Gb  w5100.o [1]
W5100CSon               0x00003959   0x14  Code  Gb  w5100.o [1]
W5100_Init              0x00005b35   0xc8  Code  Gb  w5100_inter.o [1]
W5100_Recv_UDP          0x00005ac9   0x6c  Code  Gb  w5100_inter.o [1]
WriteCH432Data          0x000052b1   0x24  Code  Gb  ch432_usart.o [1]
WriteUsart1Sem          0x20003088    0x4  Data  Gb  stm32_usart.o [1]
WriteUsartSem           0x20002f20    0x4  Data  Gb  Usart_Inter.o [1]
_EncodingSb_Mbtowc      0x00007bf9   0x38  Code  Gb  xencoding_sb.o [3]
_EncodingSb_Wctomb      0x00007bd5   0x1c  Code  Gb  xencoding_sb.o [3]
_GenldDefault           0x00000ef5  0x258  Code  Lc  xprintffull.o [3]
_IsdstStr               0x20002f94    0x4  Data  Gb  setlocale.o [3]
_LdtobDefault           0x00000ad1  0x404  Code  Lc  xprintffull.o [3]
_LitobDefault           0x000009b9  0x110  Code  Lc  xprintffull.o [3]
_LocaleC_isspace        0x00008235   0x14  Code  Wk  xlocale_c.o [3]
_LocaleC_lconv          0x00007dc4   0x48  Data  Gb  xlocale_c.o [3]
_LocaleC_tolower        0x000082f1    0xc  Code  Wk  xlocale_c.o [3]
_LocaleEncoding         0x0000800d   0x10  Code  Gb  setlocale.o [3]
_LocaleForCat           0x00007ff9   0x14  Code  Gb  setlocale.o [3]
_LocaleReturnString     0x20002fa4   0x50  Data  Lc  setlocale.o [3]
_Locale_LconvArray      0x20002fa0    0x4  Data  Gb  setlocale.o [3]
_Locale_Profile         0x20002f70   0x1c  Data  Gb  setlocale.o [3]
_Locale_lconv           0x20002ff8   0x48  Data  Gb  localeconv.o [3]
_Mbtowc                 0x00008095   0x20  Code  Gb  xmbtowc.o [3]
_Printf                 0x00000131  0x5a8  Code  Gb  xprintffull.o [3]
_Prout                  0x0000817f   0x16  Code  Gb  xprout.o [3]
_PutcharsDefault        0x0000114d   0x32  Code  Lc  xprintffull.o [3]
_PutstrDefault          0x000006e1  0x2cc  Code  Lc  xprintffull.o [3]
_SProut                 0x000082fd    0xa  Code  Gb  xsprout.o [3]
_TzoneStr               0x20002f8c    0x4  Data  Gb  setlocale.o [3]
_Wctomb                 0x000080ed   0x1a  Code  Gb  xwctomb.o [3]
___strtok               0x20002f44    0x4  Data  Lc  util.o [1]
__aeabi_cdcmple         0x00007ee9         Code  Gb  DblCmpLe.o [4]
__aeabi_cdrcmple        0x00007f19         Code  Gb  DblCmpGe.o [4]
__aeabi_d2iz            0x00007c89         Code  Gb  DblToI32.o [4]
__aeabi_d2uiz           0x00007cb5         Code  Gb  DblToI32.o [4]
__aeabi_dadd            0x000072dd         Code  Gb  DblAdd.o [4]
__aeabi_ddiv            0x000052d9         Code  Gb  DblDiv.o [4]
__aeabi_dmul            0x00005dc5         Code  Gb  DblMul.o [4]
__aeabi_dsub            0x00006109         Code  Gb  DblSub.o [4]
__aeabi_errno_addr      0x000081bd   0x14  Code  Gb  errno.o [3]
__aeabi_i2d             0x00007f49         Code  Gb  I32ToDbl.o [4]
__aeabi_ldiv0           0x0000839d         Code  Gb  I64DivZer.o [4]
__aeabi_ldivmod         0x00006951         Code  Gb  I64DivMod.o [4]
__aeabi_memcpy          0x000079cd         Code  Gb  ABImemcpy.o [4]
__aeabi_memcpy4         0x000079e7         Code  Gb  ABImemcpy.o [4]
__aeabi_memcpy8         0x000079e7         Code  Gb  ABImemcpy.o [4]
__aeabi_memset          0x00007aad         Code  Gb  ABImemset.o [4]
__aeabi_ui2d            0x00007f5d         Code  Gb  I32ToDbl.o [4]
__aeabi_uldivmod        0x00006965         Code  Gb  I64DivMod.o [4]
__call_dtors            0x00007a69    0x4  Code  Gb  cppinit.o [3]
__cstart_call_dtors     0x0000829b         Code  Gb  cexit.o [4]
__cxa_atexit            0x00007a3d   0x2c  Code  Gb  cppinit.o [3]
__cxa_finalize          0x00007a6d   0x3c  Code  Gb  cppinit.o [3]
__data_Aldata           0x20002f0c    0x8  Data  Gb  xxmemxmalloc.o [3]
__data_GetMemChunk      0x00007fd1   0x28  Code  Gb  xgetmemchunk.o [3]
__exit                  0x000081e5   0x14  Code  Gb  exit.o [5]
__iar_Dnorm             0x00007551   0xb4  Code  Gb  xdnorm.o [3]
__iar_Dscale            0x00006dc9  0x110  Code  Gb  xdscale.o [3]
__iar_Errno             0x20002f18    0x4  Data  Gb  errno.o [3]
__iar_Locksyslock       0x000077e9   0x4c  Code  Gb  xsyslock.o [3]
__iar_Mbcurmax          0x00008307    0xa  Code  Gb  xmbcurmax.o [3]
__iar_Memchr            0x00007c31         Code  Gb  memchr.o [4]
__iar_Memset            0x00007aad         Code  Gb  ABImemset.o [4]
__iar_Memset_word       0x00007ab5         Code  Gb  ABImemset.o [4]
__iar_Mtxdst            0x00007ebf    0x6  Code  Gb  MtxWrapper.o [3]
__iar_Mtxinit           0x00007eb9    0x6  Code  Gb  MtxWrapper.o [3]
__iar_Mtxlock           0x00007ec5    0x4  Code  Gb  MtxWrapper.o [3]
__iar_Mtxunlock         0x00007ed3    0x6  Code  Gb  MtxWrapper.o [3]
__iar_Stdout            0x20003040   0x40  Data  Gb  xfiles.o [3]
__iar_Stoul             0x00006a81  0x110  Code  Gb  xstoul.o [3]
__iar_Strchr            0x00008169         Code  Gb  strchr.o [4]
__iar_Strpbrk           0x00008021   0x26  Code  Wk  strpbrk.o [3]
__iar_Tls_setup__IsdstStr
                        0x20002f98    0x4  Data  Gb  setlocale.o [3]
__iar_Tls_setup__Locale_Profile
                        0x20002f9c    0x4  Data  Gb  setlocale.o [3]
__iar_Tls_setup__Locale_lconv
                        0x20002ff4    0x4  Data  Gb  localeconv.o [3]
__iar_Tls_setup__TzoneStr
                        0x20002f90    0x4  Data  Gb  setlocale.o [3]
__iar_Tls_setup___iar_Errno
                        0x20002f14    0x4  Data  Gb  errno.o [3]
__iar_Unlocksyslock     0x00007835   0x14  Code  Gb  xsyslock.o [3]
__iar_d2uiz             0x00007cbf         Code  Gb  DblToI32.o [4]
__iar_dadd              0x000072ef         Code  Gb  DblAdd.o [4]
__iar_data_init2        0x000080d1   0x1c  Code  Gb  data_init2.o [4]
__iar_dsub              0x0000611b         Code  Gb  DblSub.o [4]
__iar_dsubStart         0x0000612d         Code  Gb  DblSub.o [4]
__iar_packbits_init2    0x000076a5   0x8e  Code  Gb  packbits_init2.o [4]
__iar_program_start     0x00008139         Code  Gb  cmain.o [4]
__iar_sh_stdout_close   0x00008151   0x14  Code  Gb  iarwstd.o [5]
__iar_sh_stdout_handle  0x20002f60    0x4  Data  Lc  iarwstd.o [5]
__iar_ui2d              0x00007f5f         Code  Gb  I32ToDbl.o [4]
__iar_zero_init2        0x00008107   0x1a  Code  Gb  zero_init2.o [4]
__low_level_init        0x000083a3    0x4  Code  Gb  low_level_init.o [3]
__vector_table          0x00000000  0x130  Data  Gb  app_vect_v5.o [1]
_exit                   0x00008299         Code  Gb  cexit.o [4]
_main                   0x0000814b         Code  Gb  cmain.o [4]
ack                     0x20002f6c    0x1  Data  Gb  at24c64.o [1]
atoi                    0x00008389    0x8  Code  Wk  stm32_usart.o [1]
clearlocks              0x000077c1   0x26  Code  Lc  xsyslock.o [3]
close                   0x00004a4d   0x2e  Code  Gb  socket.o [1]
digits                  0x00007d08   0x28  Data  Lc  xstoul.o [3]
div                     0x000082a7    0xe  Code  Gb  div.o [3]
exit                    0x00008391    0x6  Code  Gb  exit.o [3]
fputc                   0x000012e5   0x36  Code  Gb  stm32_usart.o [1]
free                    0x0000784d   0x88  Code  Gb  xxmemxfree.o [3]
getIINCHIP_RxBASE       0x00003433    0xa  Code  Gb  w5100.o [1]
getIINCHIP_RxMASK       0x00003421    0xa  Code  Gb  w5100.o [1]
getIINCHIP_RxMAX        0x0000340d    0xa  Code  Gb  w5100.o [1]
getIINCHIP_TxBASE       0x0000343d    0xa  Code  Gb  w5100.o [1]
getIINCHIP_TxMASK       0x0000342b    0x8  Code  Gb  w5100.o [1]
getIINCHIP_TxMAX        0x00003417    0xa  Code  Gb  w5100.o [1]
getSn_RX_RSR            0x0000377d   0x54  Code  Gb  w5100.o [1]
get_canbus              0x00002c61   0x26  Code  Gb  at24c64.o [1]
get_chconf              0x00002b49   0x48  Code  Gb  at24c64.o [1]
get_commport            0x00002c01   0x24  Code  Gb  at24c64.o [1]
get_netconf             0x00002a51   0x60  Code  Gb  at24c64.o [1]
getch                   0x000013af   0x1c  Code  Gb  stm32_usart.o [1]
iinchip_init            0x000035ab    0x4  Code  Gb  w5100.o [1]
inet_addr               0x0000721d   0x54  Code  Gb  sockutil.o [1]
inet_ntoa               0x000071e9   0x34  Code  Gb  sockutil.o [1]
isspace                 0x0000820d   0x14  Code  Gb  isxxx.o [3]
local_port              0x20002f6a    0x2  Data  Lc  socket.o [1]
localeconv              0x000081d1   0x14  Code  Gb  localeconv.o [3]
main                    0x0000398d   0x4c  Code  Gb  app.o [1]
malloc                  0x00007495   0xbc  Code  Gb  xxmemxmalloc.o [3]
memchr                  0x00007c31         Code  Gb  memchr.o [4]
memcmp                  0x00007b15         Code  Gb  memcmp.o [4]
memcpy                  0x000082d9    0xc  Code  Wk  STM32Can.o [1]
memset                  0x000081f9   0x14  Code  Wk  md5.o [1]
mtx                     0x20002eec   0x10  Data  Lc  xsyslock.o [3]
mtxdst                  0x20002f54    0x4  Data  Lc  MtxWrapper.o [3]
mtxinit                 0x20002f50    0x4  Data  Lc  MtxWrapper.o [3]
mtxlock                 0x20002f58    0x4  Data  Lc  MtxWrapper.o [3]
mtxunlock               0x20002f5c    0x4  Data  Lc  MtxWrapper.o [3]
ndigs                   0x00007ce0   0x28  Data  Lc  xstoul.o [3]
next_abi_dtor_rec       0x2000308c    0x4  Data  Lc  cppinit.o [3]
obuf                    0x20002e14   0x50  Data  Lc  xfiles.o [3]
printf                  0x00008075   0x20  Code  Gb  printf.o [3]
putchar                 0x000082cd    0xc  Code  Gb  putchar.o [3]
read_data               0x00003893   0x6a  Code  Gb  w5100.o [1]
recvfrom                0x00004b9b  0x180  Code  Gb  socket.o [1]
send_data_processing    0x000037d1   0x58  Code  Gb  w5100.o [1]
sendto                  0x00004a7b  0x120  Code  Gb  socket.o [1]
setGAR                  0x000036cf   0x26  Code  Gb  w5100.o [1]
setIMR                  0x00003777    0x6  Code  Gb  w5100.o [1]
setMR                   0x000036c9    0x6  Code  Gb  w5100.o [1]
setSHAR                 0x0000371b   0x36  Code  Gb  w5100.o [1]
setSIPR                 0x00003751   0x26  Code  Gb  w5100.o [1]
setSUBR                 0x000036f5   0x26  Code  Gb  w5100.o [1]
set_canbus              0x00002c87   0x3c  Code  Gb  at24c64.o [1]
set_chconf              0x00002b91   0x70  Code  Gb  at24c64.o [1]
set_commport            0x00002c25   0x3c  Code  Gb  at24c64.o [1]
set_netconf             0x00002ab1   0x98  Code  Gb  at24c64.o [1]
socket                  0x000049b5   0x98  Code  Gb  socket.o [1]
sprintf                 0x00007e89   0x30  Code  Gb  sprintf.o [3]
strchr                  0x00008169         Code  Gb  strchr.o [4]
strcpy                  0x00007e0d         Code  Gb  strcpy.o [4]
strlen                  0x00007e51         Code  Gb  strlen.o [4]
strpbrk                 0x0000839f    0x4  Code  Wk  util.o [1]
strspn                  0x00007063   0x30  Code  Gb  util.o [1]
strtok                  0x00007095   0x54  Code  Gb  util.o [1]
sysinit                 0x000035af  0x116  Code  Gb  w5100.o [1]
syslock_o               0x20002ee8    0x4  Data  Lc  xsyslock.o [3]
tolower                 0x00008221   0x14  Code  Gb  tolower.o [3]
wait_1us                0x00003979   0x14  Code  Gb  w5100.o [1]
wiz_read_buf            0x0000351d   0x68  Code  Gb  w5100.o [1]
wiz_write_buf           0x000034bf   0x5e  Code  Gb  w5100.o [1]
write_data              0x00003829   0x6a  Code  Gb  w5100.o [1]


[1] = F:\MyProjects\Tjinc\CAN & Uart over IP\Debug\Obj
[2] = command line
[3] = dl7M_tl_if.a
[4] = rt7M_tl.a
[5] = shb_l.a

  30 232 bytes of readonly  code memory
   3 699 bytes of readonly  data memory
  12 429 bytes of readwrite data memory

Errors: none
Warnings: none
